// Jest Snapshot v1, https://goo.gl/fbAQLP

exports[`PieChart should render 1`] = `
<div
  className=""
>
  <div>
    <div
      style={
        Object {
          "fontSize": "0.9em",
        }
      }
    >
      <div
        style={
          Object {
            "backgroundColor": "#ffffff",
            "display": "inline-block",
            "height": "12px",
            "marginBottom": "2px",
            "marginRight": "8px",
            "verticalAlign": "middle",
            "width": "12px",
          }
        }
      />
      <span
        title="Series 1"
      >
        Series 1
      </span>
    </div>
    <div
      style={
        Object {
          "fontSize": "0.9em",
        }
      }
    >
      <div
        style={
          Object {
            "backgroundColor": "#123456",
            "display": "inline-block",
            "height": "12px",
            "marginBottom": "2px",
            "marginRight": "8px",
            "verticalAlign": "middle",
            "width": "12px",
          }
        }
      />
      <span
        title="Series 2"
      >
        Series 2
      </span>
    </div>
  </div>
  <div
    style={
      Object {
        "height": "100%",
        "width": "100%",
      }
    }
  >
    <div
      style={
        Object {
          "height": 0,
          "overflow": "visible",
          "width": 0,
        }
      }
    />
  </div>
</div>
`;

exports[`PieChart should render no data 1`] = `
<h4
  style={
    Object {
      "marginTop": 20,
      "textAlign": "center",
      "width": "100%",
    }
  }
>
  No data in this time range.
</h4>
`;
