// Jest Snapshot v1, https://goo.gl/fbAQLP

exports[`SideNavFooter should render 1`] = `
<div
  className=""
>
  <a
    href="https://ht2ltd.zendesk.com/hc/en-us/categories/115000129989-Learning-Locker"
  >
    Help centre
  </a>
  <div>
    Powered by
  </div>
  <a
    href="http://learninglocker.net"
    rel="noopener noreferrer"
    target="_blank"
  >
    Learning Locker Cloud
  </a>
</div>
`;
