// Jest Snapshot v1, https://goo.gl/fbAQLP

exports[`SaveBarErrors should render an error message 1`] = `
<div
  className=""
/>
`;
